{"timestamp":"2026-07-08T07:22:24.101273Z","level":"info","event":"Filling up the DagBag from /opt/airflow/dags/6_conditional_dag.py","logger":"airflow.dag_processing.dagbag.BundleDagBag","filename":"dagbag.py","lineno":469}
{"timestamp":"2026-07-08T07:22:24.909567Z","level":"warning","event":"The `airflow.decorators.task` attribute is deprecated. Please use `'airflow.sdk.task'`.","category":"UserWarning","filename":"/opt/airflow/dags/6_conditional_dag.py","lineno":2,"logger":"py.warnings"}
{"timestamp":"2026-07-08T07:22:24.910575Z","level":"warning","event":"The `airflow.operators.python.BranchPythonOperator` attribute is deprecated. Please use `'airflow.providers.standard.operators.python.BranchPythonOperator'`.","category":"UserWarning","filename":"/opt/airflow/dags/6_conditional_dag.py","lineno":3,"logger":"py.warnings"}
{"timestamp":"2026-07-08T07:22:24.910858Z","level":"warning","event":"The `airflow.operators.empty.EmptyOperator` attribute is deprecated. Please use `'airflow.providers.standard.operators.empty.EmptyOperator'`.","category":"UserWarning","filename":"/opt/airflow/dags/6_conditional_dag.py","lineno":4,"logger":"py.warnings"}
{"timestamp":"2026-07-08T07:22:55.748784Z","level":"info","event":"Filling up the DagBag from /opt/airflow/dags/6_conditional_dag.py","logger":"airflow.dag_processing.dagbag.BundleDagBag","filename":"dagbag.py","lineno":469}
{"timestamp":"2026-07-08T07:22:55.798838Z","level":"warning","event":"The `airflow.decorators.task` attribute is deprecated. Please use `'airflow.sdk.task'`.","category":"UserWarning","filename":"/opt/airflow/dags/6_conditional_dag.py","lineno":2,"logger":"py.warnings"}
{"timestamp":"2026-07-08T07:22:55.799127Z","level":"warning","event":"The `airflow.operators.python.BranchPythonOperator` attribute is deprecated. Please use `'airflow.providers.standard.operators.python.BranchPythonOperator'`.","category":"UserWarning","filename":"/opt/airflow/dags/6_conditional_dag.py","lineno":3,"logger":"py.warnings"}
{"timestamp":"2026-07-08T07:22:55.799261Z","level":"warning","event":"The `airflow.operators.empty.EmptyOperator` attribute is deprecated. Please use `'airflow.providers.standard.operators.empty.EmptyOperator'`.","category":"UserWarning","filename":"/opt/airflow/dags/6_conditional_dag.py","lineno":4,"logger":"py.warnings"}
{"timestamp":"2026-07-08T07:23:26.093900Z","level":"info","event":"Filling up the DagBag from /opt/airflow/dags/6_conditional_dag.py","logger":"airflow.dag_processing.dagbag.BundleDagBag","filename":"dagbag.py","lineno":469}
{"timestamp":"2026-07-08T07:23:26.136537Z","level":"warning","event":"The `airflow.decorators.task` attribute is deprecated. Please use `'airflow.sdk.task'`.","category":"UserWarning","filename":"/opt/airflow/dags/6_conditional_dag.py","lineno":2,"logger":"py.warnings"}
{"timestamp":"2026-07-08T07:23:26.136692Z","level":"warning","event":"The `airflow.operators.python.BranchPythonOperator` attribute is deprecated. Please use `'airflow.providers.standard.operators.python.BranchPythonOperator'`.","category":"UserWarning","filename":"/opt/airflow/dags/6_conditional_dag.py","lineno":3,"logger":"py.warnings"}
{"timestamp":"2026-07-08T07:23:26.136763Z","level":"warning","event":"The `airflow.operators.empty.EmptyOperator` attribute is deprecated. Please use `'airflow.providers.standard.operators.empty.EmptyOperator'`.","category":"UserWarning","filename":"/opt/airflow/dags/6_conditional_dag.py","lineno":4,"logger":"py.warnings"}
{"timestamp":"2026-07-08T07:23:57.032240Z","level":"info","event":"Filling up the DagBag from /opt/airflow/dags/6_conditional_dag.py","logger":"airflow.dag_processing.dagbag.BundleDagBag","filename":"dagbag.py","lineno":469}
{"timestamp":"2026-07-08T07:23:57.074724Z","level":"warning","event":"The `airflow.decorators.task` attribute is deprecated. Please use `'airflow.sdk.task'`.","category":"UserWarning","filename":"/opt/airflow/dags/6_conditional_dag.py","lineno":2,"logger":"py.warnings"}
{"timestamp":"2026-07-08T07:23:57.074911Z","level":"warning","event":"The `airflow.operators.python.BranchPythonOperator` attribute is deprecated. Please use `'airflow.providers.standard.operators.python.BranchPythonOperator'`.","category":"UserWarning","filename":"/opt/airflow/dags/6_conditional_dag.py","lineno":3,"logger":"py.warnings"}
{"timestamp":"2026-07-08T07:23:57.074975Z","level":"warning","event":"The `airflow.operators.empty.EmptyOperator` attribute is deprecated. Please use `'airflow.providers.standard.operators.empty.EmptyOperator'`.","category":"UserWarning","filename":"/opt/airflow/dags/6_conditional_dag.py","lineno":4,"logger":"py.warnings"}
{"timestamp":"2026-07-08T07:24:27.383051Z","level":"info","event":"Filling up the DagBag from /opt/airflow/dags/6_conditional_dag.py","logger":"airflow.dag_processing.dagbag.BundleDagBag","filename":"dagbag.py","lineno":469}
{"timestamp":"2026-07-08T07:24:27.432194Z","level":"warning","event":"The `airflow.decorators.task` attribute is deprecated. Please use `'airflow.sdk.task'`.","category":"UserWarning","filename":"/opt/airflow/dags/6_conditional_dag.py","lineno":2,"logger":"py.warnings"}
{"timestamp":"2026-07-08T07:24:27.432409Z","level":"warning","event":"The `airflow.operators.python.BranchPythonOperator` attribute is deprecated. Please use `'airflow.providers.standard.operators.python.BranchPythonOperator'`.","category":"UserWarning","filename":"/opt/airflow/dags/6_conditional_dag.py","lineno":3,"logger":"py.warnings"}
{"timestamp":"2026-07-08T07:24:27.432551Z","level":"warning","event":"The `airflow.operators.empty.EmptyOperator` attribute is deprecated. Please use `'airflow.providers.standard.operators.empty.EmptyOperator'`.","category":"UserWarning","filename":"/opt/airflow/dags/6_conditional_dag.py","lineno":4,"logger":"py.warnings"}
{"timestamp":"2026-07-08T07:24:57.614915Z","level":"info","event":"Filling up the DagBag from /opt/airflow/dags/6_conditional_dag.py","logger":"airflow.dag_processing.dagbag.BundleDagBag","filename":"dagbag.py","lineno":469}
{"timestamp":"2026-07-08T07:24:57.659749Z","level":"warning","event":"The `airflow.decorators.task` attribute is deprecated. Please use `'airflow.sdk.task'`.","category":"UserWarning","filename":"/opt/airflow/dags/6_conditional_dag.py","lineno":2,"logger":"py.warnings"}
{"timestamp":"2026-07-08T07:24:57.660072Z","level":"warning","event":"The `airflow.operators.python.BranchPythonOperator` attribute is deprecated. Please use `'airflow.providers.standard.operators.python.BranchPythonOperator'`.","category":"UserWarning","filename":"/opt/airflow/dags/6_conditional_dag.py","lineno":3,"logger":"py.warnings"}
{"timestamp":"2026-07-08T07:24:57.660228Z","level":"warning","event":"The `airflow.operators.empty.EmptyOperator` attribute is deprecated. Please use `'airflow.providers.standard.operators.empty.EmptyOperator'`.","category":"UserWarning","filename":"/opt/airflow/dags/6_conditional_dag.py","lineno":4,"logger":"py.warnings"}
{"timestamp":"2026-07-08T07:25:28.622409Z","level":"info","event":"Filling up the DagBag from /opt/airflow/dags/6_conditional_dag.py","logger":"airflow.dag_processing.dagbag.BundleDagBag","filename":"dagbag.py","lineno":469}
{"timestamp":"2026-07-08T07:25:28.665432Z","level":"warning","event":"The `airflow.decorators.task` attribute is deprecated. Please use `'airflow.sdk.task'`.","category":"UserWarning","filename":"/opt/airflow/dags/6_conditional_dag.py","lineno":2,"logger":"py.warnings"}
{"timestamp":"2026-07-08T07:25:28.665654Z","level":"warning","event":"The `airflow.operators.python.BranchPythonOperator` attribute is deprecated. Please use `'airflow.providers.standard.operators.python.BranchPythonOperator'`.","category":"UserWarning","filename":"/opt/airflow/dags/6_conditional_dag.py","lineno":3,"logger":"py.warnings"}
{"timestamp":"2026-07-08T07:25:28.665735Z","level":"warning","event":"The `airflow.operators.empty.EmptyOperator` attribute is deprecated. Please use `'airflow.providers.standard.operators.empty.EmptyOperator'`.","category":"UserWarning","filename":"/opt/airflow/dags/6_conditional_dag.py","lineno":4,"logger":"py.warnings"}
{"timestamp":"2026-07-08T07:25:58.859742Z","level":"info","event":"Filling up the DagBag from /opt/airflow/dags/6_conditional_dag.py","logger":"airflow.dag_processing.dagbag.BundleDagBag","filename":"dagbag.py","lineno":469}
{"timestamp":"2026-07-08T07:25:58.904876Z","level":"warning","event":"The `airflow.decorators.task` attribute is deprecated. Please use `'airflow.sdk.task'`.","category":"UserWarning","filename":"/opt/airflow/dags/6_conditional_dag.py","lineno":2,"logger":"py.warnings"}
{"timestamp":"2026-07-08T07:25:58.905061Z","level":"warning","event":"The `airflow.operators.python.BranchPythonOperator` attribute is deprecated. Please use `'airflow.providers.standard.operators.python.BranchPythonOperator'`.","category":"UserWarning","filename":"/opt/airflow/dags/6_conditional_dag.py","lineno":3,"logger":"py.warnings"}
{"timestamp":"2026-07-08T07:25:58.905129Z","level":"warning","event":"The `airflow.operators.empty.EmptyOperator` attribute is deprecated. Please use `'airflow.providers.standard.operators.empty.EmptyOperator'`.","category":"UserWarning","filename":"/opt/airflow/dags/6_conditional_dag.py","lineno":4,"logger":"py.warnings"}
{"timestamp":"2026-07-08T07:26:29.123780Z","level":"info","event":"Filling up the DagBag from /opt/airflow/dags/6_conditional_dag.py","logger":"airflow.dag_processing.dagbag.BundleDagBag","filename":"dagbag.py","lineno":469}
{"timestamp":"2026-07-08T07:26:29.177945Z","level":"warning","event":"The `airflow.decorators.task` attribute is deprecated. Please use `'airflow.sdk.task'`.","category":"UserWarning","filename":"/opt/airflow/dags/6_conditional_dag.py","lineno":2,"logger":"py.warnings"}
{"timestamp":"2026-07-08T07:26:29.178477Z","level":"warning","event":"The `airflow.operators.python.BranchPythonOperator` attribute is deprecated. Please use `'airflow.providers.standard.operators.python.BranchPythonOperator'`.","category":"UserWarning","filename":"/opt/airflow/dags/6_conditional_dag.py","lineno":3,"logger":"py.warnings"}
{"timestamp":"2026-07-08T07:26:29.178668Z","level":"warning","event":"The `airflow.operators.empty.EmptyOperator` attribute is deprecated. Please use `'airflow.providers.standard.operators.empty.EmptyOperator'`.","category":"UserWarning","filename":"/opt/airflow/dags/6_conditional_dag.py","lineno":4,"logger":"py.warnings"}
{"timestamp":"2026-07-08T07:27:00.049755Z","level":"info","event":"Filling up the DagBag from /opt/airflow/dags/6_conditional_dag.py","logger":"airflow.dag_processing.dagbag.BundleDagBag","filename":"dagbag.py","lineno":469}
{"timestamp":"2026-07-08T07:27:00.095921Z","level":"warning","event":"The `airflow.decorators.task` attribute is deprecated. Please use `'airflow.sdk.task'`.","category":"UserWarning","filename":"/opt/airflow/dags/6_conditional_dag.py","lineno":2,"logger":"py.warnings"}
{"timestamp":"2026-07-08T07:27:00.096177Z","level":"warning","event":"The `airflow.operators.python.BranchPythonOperator` attribute is deprecated. Please use `'airflow.providers.standard.operators.python.BranchPythonOperator'`.","category":"UserWarning","filename":"/opt/airflow/dags/6_conditional_dag.py","lineno":3,"logger":"py.warnings"}
{"timestamp":"2026-07-08T07:27:00.096266Z","level":"warning","event":"The `airflow.operators.empty.EmptyOperator` attribute is deprecated. Please use `'airflow.providers.standard.operators.empty.EmptyOperator'`.","category":"UserWarning","filename":"/opt/airflow/dags/6_conditional_dag.py","lineno":4,"logger":"py.warnings"}
{"timestamp":"2026-07-08T07:27:30.241318Z","level":"info","event":"Filling up the DagBag from /opt/airflow/dags/6_conditional_dag.py","logger":"airflow.dag_processing.dagbag.BundleDagBag","filename":"dagbag.py","lineno":469}
{"timestamp":"2026-07-08T07:27:30.285709Z","level":"warning","event":"The `airflow.decorators.task` attribute is deprecated. Please use `'airflow.sdk.task'`.","category":"UserWarning","filename":"/opt/airflow/dags/6_conditional_dag.py","lineno":2,"logger":"py.warnings"}
{"timestamp":"2026-07-08T07:27:30.285968Z","level":"warning","event":"The `airflow.operators.python.BranchPythonOperator` attribute is deprecated. Please use `'airflow.providers.standard.operators.python.BranchPythonOperator'`.","category":"UserWarning","filename":"/opt/airflow/dags/6_conditional_dag.py","lineno":3,"logger":"py.warnings"}
{"timestamp":"2026-07-08T07:27:30.286058Z","level":"warning","event":"The `airflow.operators.empty.EmptyOperator` attribute is deprecated. Please use `'airflow.providers.standard.operators.empty.EmptyOperator'`.","category":"UserWarning","filename":"/opt/airflow/dags/6_conditional_dag.py","lineno":4,"logger":"py.warnings"}
{"timestamp":"2026-07-08T07:28:01.189177Z","level":"info","event":"Filling up the DagBag from /opt/airflow/dags/6_conditional_dag.py","logger":"airflow.dag_processing.dagbag.BundleDagBag","filename":"dagbag.py","lineno":469}
{"timestamp":"2026-07-08T07:28:01.239214Z","level":"warning","event":"The `airflow.decorators.task` attribute is deprecated. Please use `'airflow.sdk.task'`.","category":"UserWarning","filename":"/opt/airflow/dags/6_conditional_dag.py","lineno":2,"logger":"py.warnings"}
{"timestamp":"2026-07-08T07:28:01.239502Z","level":"warning","event":"The `airflow.operators.python.BranchPythonOperator` attribute is deprecated. Please use `'airflow.providers.standard.operators.python.BranchPythonOperator'`.","category":"UserWarning","filename":"/opt/airflow/dags/6_conditional_dag.py","lineno":3,"logger":"py.warnings"}
{"timestamp":"2026-07-08T07:28:01.239623Z","level":"warning","event":"The `airflow.operators.empty.EmptyOperator` attribute is deprecated. Please use `'airflow.providers.standard.operators.empty.EmptyOperator'`.","category":"UserWarning","filename":"/opt/airflow/dags/6_conditional_dag.py","lineno":4,"logger":"py.warnings"}
{"timestamp":"2026-07-08T07:28:31.510517Z","level":"info","event":"Filling up the DagBag from /opt/airflow/dags/6_conditional_dag.py","logger":"airflow.dag_processing.dagbag.BundleDagBag","filename":"dagbag.py","lineno":469}
{"timestamp":"2026-07-08T07:28:31.552408Z","level":"warning","event":"The `airflow.decorators.task` attribute is deprecated. Please use `'airflow.sdk.task'`.","category":"UserWarning","filename":"/opt/airflow/dags/6_conditional_dag.py","lineno":2,"logger":"py.warnings"}
{"timestamp":"2026-07-08T07:28:31.552685Z","level":"warning","event":"The `airflow.operators.python.BranchPythonOperator` attribute is deprecated. Please use `'airflow.providers.standard.operators.python.BranchPythonOperator'`.","category":"UserWarning","filename":"/opt/airflow/dags/6_conditional_dag.py","lineno":3,"logger":"py.warnings"}
{"timestamp":"2026-07-08T07:28:31.552783Z","level":"warning","event":"The `airflow.operators.empty.EmptyOperator` attribute is deprecated. Please use `'airflow.providers.standard.operators.empty.EmptyOperator'`.","category":"UserWarning","filename":"/opt/airflow/dags/6_conditional_dag.py","lineno":4,"logger":"py.warnings"}
{"timestamp":"2026-07-08T07:29:02.570517Z","level":"info","event":"Filling up the DagBag from /opt/airflow/dags/6_conditional_dag.py","logger":"airflow.dag_processing.dagbag.BundleDagBag","filename":"dagbag.py","lineno":469}
{"timestamp":"2026-07-08T07:29:02.615994Z","level":"warning","event":"The `airflow.decorators.task` attribute is deprecated. Please use `'airflow.sdk.task'`.","category":"UserWarning","filename":"/opt/airflow/dags/6_conditional_dag.py","lineno":2,"logger":"py.warnings"}
{"timestamp":"2026-07-08T07:29:02.616195Z","level":"warning","event":"The `airflow.operators.python.BranchPythonOperator` attribute is deprecated. Please use `'airflow.providers.standard.operators.python.BranchPythonOperator'`.","category":"UserWarning","filename":"/opt/airflow/dags/6_conditional_dag.py","lineno":3,"logger":"py.warnings"}
{"timestamp":"2026-07-08T07:29:02.616272Z","level":"warning","event":"The `airflow.operators.empty.EmptyOperator` attribute is deprecated. Please use `'airflow.providers.standard.operators.empty.EmptyOperator'`.","category":"UserWarning","filename":"/opt/airflow/dags/6_conditional_dag.py","lineno":4,"logger":"py.warnings"}
{"timestamp":"2026-07-08T07:29:32.813461Z","level":"info","event":"Filling up the DagBag from /opt/airflow/dags/6_conditional_dag.py","logger":"airflow.dag_processing.dagbag.BundleDagBag","filename":"dagbag.py","lineno":469}
{"timestamp":"2026-07-08T07:29:32.860625Z","level":"warning","event":"The `airflow.decorators.task` attribute is deprecated. Please use `'airflow.sdk.task'`.","category":"UserWarning","filename":"/opt/airflow/dags/6_conditional_dag.py","lineno":2,"logger":"py.warnings"}
{"timestamp":"2026-07-08T07:29:32.860803Z","level":"warning","event":"The `airflow.operators.python.BranchPythonOperator` attribute is deprecated. Please use `'airflow.providers.standard.operators.python.BranchPythonOperator'`.","category":"UserWarning","filename":"/opt/airflow/dags/6_conditional_dag.py","lineno":3,"logger":"py.warnings"}
{"timestamp":"2026-07-08T07:29:32.860870Z","level":"warning","event":"The `airflow.operators.empty.EmptyOperator` attribute is deprecated. Please use `'airflow.providers.standard.operators.empty.EmptyOperator'`.","category":"UserWarning","filename":"/opt/airflow/dags/6_conditional_dag.py","lineno":4,"logger":"py.warnings"}
{"timestamp":"2026-07-08T07:30:03.028649Z","level":"info","event":"Filling up the DagBag from /opt/airflow/dags/6_conditional_dag.py","logger":"airflow.dag_processing.dagbag.BundleDagBag","filename":"dagbag.py","lineno":469}
{"timestamp":"2026-07-08T07:30:03.071871Z","level":"warning","event":"The `airflow.decorators.task` attribute is deprecated. Please use `'airflow.sdk.task'`.","category":"UserWarning","filename":"/opt/airflow/dags/6_conditional_dag.py","lineno":2,"logger":"py.warnings"}
{"timestamp":"2026-07-08T07:30:03.072043Z","level":"warning","event":"The `airflow.operators.python.BranchPythonOperator` attribute is deprecated. Please use `'airflow.providers.standard.operators.python.BranchPythonOperator'`.","category":"UserWarning","filename":"/opt/airflow/dags/6_conditional_dag.py","lineno":3,"logger":"py.warnings"}
{"timestamp":"2026-07-08T07:30:03.072112Z","level":"warning","event":"The `airflow.operators.empty.EmptyOperator` attribute is deprecated. Please use `'airflow.providers.standard.operators.empty.EmptyOperator'`.","category":"UserWarning","filename":"/opt/airflow/dags/6_conditional_dag.py","lineno":4,"logger":"py.warnings"}
{"timestamp":"2026-07-08T07:30:33.210598Z","level":"info","event":"Filling up the DagBag from /opt/airflow/dags/6_conditional_dag.py","logger":"airflow.dag_processing.dagbag.BundleDagBag","filename":"dagbag.py","lineno":469}
{"timestamp":"2026-07-08T07:30:33.254437Z","level":"warning","event":"The `airflow.decorators.task` attribute is deprecated. Please use `'airflow.sdk.task'`.","category":"UserWarning","filename":"/opt/airflow/dags/6_conditional_dag.py","lineno":2,"logger":"py.warnings"}
{"timestamp":"2026-07-08T07:30:33.254593Z","level":"warning","event":"The `airflow.operators.python.BranchPythonOperator` attribute is deprecated. Please use `'airflow.providers.standard.operators.python.BranchPythonOperator'`.","category":"UserWarning","filename":"/opt/airflow/dags/6_conditional_dag.py","lineno":3,"logger":"py.warnings"}
{"timestamp":"2026-07-08T07:30:33.254660Z","level":"warning","event":"The `airflow.operators.empty.EmptyOperator` attribute is deprecated. Please use `'airflow.providers.standard.operators.empty.EmptyOperator'`.","category":"UserWarning","filename":"/opt/airflow/dags/6_conditional_dag.py","lineno":4,"logger":"py.warnings"}
{"timestamp":"2026-07-08T07:31:03.424995Z","level":"info","event":"Filling up the DagBag from /opt/airflow/dags/6_conditional_dag.py","logger":"airflow.dag_processing.dagbag.BundleDagBag","filename":"dagbag.py","lineno":469}
{"timestamp":"2026-07-08T07:31:03.469739Z","level":"warning","event":"The `airflow.decorators.task` attribute is deprecated. Please use `'airflow.sdk.task'`.","category":"UserWarning","filename":"/opt/airflow/dags/6_conditional_dag.py","lineno":2,"logger":"py.warnings"}
{"timestamp":"2026-07-08T07:31:03.469895Z","level":"warning","event":"The `airflow.operators.python.BranchPythonOperator` attribute is deprecated. Please use `'airflow.providers.standard.operators.python.BranchPythonOperator'`.","category":"UserWarning","filename":"/opt/airflow/dags/6_conditional_dag.py","lineno":3,"logger":"py.warnings"}
{"timestamp":"2026-07-08T07:31:03.469965Z","level":"warning","event":"The `airflow.operators.empty.EmptyOperator` attribute is deprecated. Please use `'airflow.providers.standard.operators.empty.EmptyOperator'`.","category":"UserWarning","filename":"/opt/airflow/dags/6_conditional_dag.py","lineno":4,"logger":"py.warnings"}
{"timestamp":"2026-07-08T07:31:34.482560Z","level":"info","event":"Filling up the DagBag from /opt/airflow/dags/6_conditional_dag.py","logger":"airflow.dag_processing.dagbag.BundleDagBag","filename":"dagbag.py","lineno":469}
{"timestamp":"2026-07-08T07:31:34.529611Z","level":"warning","event":"The `airflow.decorators.task` attribute is deprecated. Please use `'airflow.sdk.task'`.","category":"UserWarning","filename":"/opt/airflow/dags/6_conditional_dag.py","lineno":2,"logger":"py.warnings"}
{"timestamp":"2026-07-08T07:31:34.529805Z","level":"warning","event":"The `airflow.operators.python.BranchPythonOperator` attribute is deprecated. Please use `'airflow.providers.standard.operators.python.BranchPythonOperator'`.","category":"UserWarning","filename":"/opt/airflow/dags/6_conditional_dag.py","lineno":3,"logger":"py.warnings"}
{"timestamp":"2026-07-08T07:31:34.529872Z","level":"warning","event":"The `airflow.operators.empty.EmptyOperator` attribute is deprecated. Please use `'airflow.providers.standard.operators.empty.EmptyOperator'`.","category":"UserWarning","filename":"/opt/airflow/dags/6_conditional_dag.py","lineno":4,"logger":"py.warnings"}
{"timestamp":"2026-07-08T07:32:05.436538Z","level":"info","event":"Filling up the DagBag from /opt/airflow/dags/6_conditional_dag.py","logger":"airflow.dag_processing.dagbag.BundleDagBag","filename":"dagbag.py","lineno":469}
{"timestamp":"2026-07-08T07:32:05.482734Z","level":"warning","event":"The `airflow.decorators.task` attribute is deprecated. Please use `'airflow.sdk.task'`.","category":"UserWarning","filename":"/opt/airflow/dags/6_conditional_dag.py","lineno":2,"logger":"py.warnings"}
{"timestamp":"2026-07-08T07:32:05.482893Z","level":"warning","event":"The `airflow.operators.python.BranchPythonOperator` attribute is deprecated. Please use `'airflow.providers.standard.operators.python.BranchPythonOperator'`.","category":"UserWarning","filename":"/opt/airflow/dags/6_conditional_dag.py","lineno":3,"logger":"py.warnings"}
{"timestamp":"2026-07-08T07:32:05.482958Z","level":"warning","event":"The `airflow.operators.empty.EmptyOperator` attribute is deprecated. Please use `'airflow.providers.standard.operators.empty.EmptyOperator'`.","category":"UserWarning","filename":"/opt/airflow/dags/6_conditional_dag.py","lineno":4,"logger":"py.warnings"}
{"timestamp":"2026-07-08T07:32:35.666301Z","level":"info","event":"Filling up the DagBag from /opt/airflow/dags/6_conditional_dag.py","logger":"airflow.dag_processing.dagbag.BundleDagBag","filename":"dagbag.py","lineno":469}
{"timestamp":"2026-07-08T07:32:35.714455Z","level":"warning","event":"The `airflow.decorators.task` attribute is deprecated. Please use `'airflow.sdk.task'`.","category":"UserWarning","filename":"/opt/airflow/dags/6_conditional_dag.py","lineno":2,"logger":"py.warnings"}
{"timestamp":"2026-07-08T07:32:35.714636Z","level":"warning","event":"The `airflow.operators.python.BranchPythonOperator` attribute is deprecated. Please use `'airflow.providers.standard.operators.python.BranchPythonOperator'`.","category":"UserWarning","filename":"/opt/airflow/dags/6_conditional_dag.py","lineno":3,"logger":"py.warnings"}
{"timestamp":"2026-07-08T07:32:35.714714Z","level":"warning","event":"The `airflow.operators.empty.EmptyOperator` attribute is deprecated. Please use `'airflow.providers.standard.operators.empty.EmptyOperator'`.","category":"UserWarning","filename":"/opt/airflow/dags/6_conditional_dag.py","lineno":4,"logger":"py.warnings"}
{"timestamp":"2026-07-08T07:33:06.475156Z","level":"info","event":"Filling up the DagBag from /opt/airflow/dags/6_conditional_dag.py","logger":"airflow.dag_processing.dagbag.BundleDagBag","filename":"dagbag.py","lineno":469}
{"timestamp":"2026-07-08T07:33:06.526823Z","level":"warning","event":"The `airflow.decorators.task` attribute is deprecated. Please use `'airflow.sdk.task'`.","category":"UserWarning","filename":"/opt/airflow/dags/6_conditional_dag.py","lineno":2,"logger":"py.warnings"}
{"timestamp":"2026-07-08T07:33:06.527137Z","level":"warning","event":"The `airflow.operators.python.BranchPythonOperator` attribute is deprecated. Please use `'airflow.providers.standard.operators.python.BranchPythonOperator'`.","category":"UserWarning","filename":"/opt/airflow/dags/6_conditional_dag.py","lineno":3,"logger":"py.warnings"}
{"timestamp":"2026-07-08T07:33:06.527275Z","level":"warning","event":"The `airflow.operators.empty.EmptyOperator` attribute is deprecated. Please use `'airflow.providers.standard.operators.empty.EmptyOperator'`.","category":"UserWarning","filename":"/opt/airflow/dags/6_conditional_dag.py","lineno":4,"logger":"py.warnings"}
{"timestamp":"2026-07-08T07:33:36.696257Z","level":"info","event":"Filling up the DagBag from /opt/airflow/dags/6_conditional_dag.py","logger":"airflow.dag_processing.dagbag.BundleDagBag","filename":"dagbag.py","lineno":469}
{"timestamp":"2026-07-08T07:33:36.741650Z","level":"warning","event":"The `airflow.decorators.task` attribute is deprecated. Please use `'airflow.sdk.task'`.","category":"UserWarning","filename":"/opt/airflow/dags/6_conditional_dag.py","lineno":2,"logger":"py.warnings"}
{"timestamp":"2026-07-08T07:33:36.741817Z","level":"warning","event":"The `airflow.operators.python.BranchPythonOperator` attribute is deprecated. Please use `'airflow.providers.standard.operators.python.BranchPythonOperator'`.","category":"UserWarning","filename":"/opt/airflow/dags/6_conditional_dag.py","lineno":3,"logger":"py.warnings"}
{"timestamp":"2026-07-08T07:33:36.741884Z","level":"warning","event":"The `airflow.operators.empty.EmptyOperator` attribute is deprecated. Please use `'airflow.providers.standard.operators.empty.EmptyOperator'`.","category":"UserWarning","filename":"/opt/airflow/dags/6_conditional_dag.py","lineno":4,"logger":"py.warnings"}
{"timestamp":"2026-07-08T07:34:06.916358Z","level":"info","event":"Filling up the DagBag from /opt/airflow/dags/6_conditional_dag.py","logger":"airflow.dag_processing.dagbag.BundleDagBag","filename":"dagbag.py","lineno":469}
{"timestamp":"2026-07-08T07:34:06.967495Z","level":"warning","event":"The `airflow.decorators.task` attribute is deprecated. Please use `'airflow.sdk.task'`.","category":"UserWarning","filename":"/opt/airflow/dags/6_conditional_dag.py","lineno":2,"logger":"py.warnings"}
{"timestamp":"2026-07-08T07:34:06.967768Z","level":"warning","event":"The `airflow.operators.python.BranchPythonOperator` attribute is deprecated. Please use `'airflow.providers.standard.operators.python.BranchPythonOperator'`.","category":"UserWarning","filename":"/opt/airflow/dags/6_conditional_dag.py","lineno":3,"logger":"py.warnings"}
{"timestamp":"2026-07-08T07:34:06.967889Z","level":"warning","event":"The `airflow.operators.empty.EmptyOperator` attribute is deprecated. Please use `'airflow.providers.standard.operators.empty.EmptyOperator'`.","category":"UserWarning","filename":"/opt/airflow/dags/6_conditional_dag.py","lineno":4,"logger":"py.warnings"}
{"timestamp":"2026-07-08T07:34:37.142743Z","level":"info","event":"Filling up the DagBag from /opt/airflow/dags/6_conditional_dag.py","logger":"airflow.dag_processing.dagbag.BundleDagBag","filename":"dagbag.py","lineno":469}
{"timestamp":"2026-07-08T07:34:37.188727Z","level":"warning","event":"The `airflow.decorators.task` attribute is deprecated. Please use `'airflow.sdk.task'`.","category":"UserWarning","filename":"/opt/airflow/dags/6_conditional_dag.py","lineno":2,"logger":"py.warnings"}
{"timestamp":"2026-07-08T07:34:37.188890Z","level":"warning","event":"The `airflow.operators.python.BranchPythonOperator` attribute is deprecated. Please use `'airflow.providers.standard.operators.python.BranchPythonOperator'`.","category":"UserWarning","filename":"/opt/airflow/dags/6_conditional_dag.py","lineno":3,"logger":"py.warnings"}
{"timestamp":"2026-07-08T07:34:37.188957Z","level":"warning","event":"The `airflow.operators.empty.EmptyOperator` attribute is deprecated. Please use `'airflow.providers.standard.operators.empty.EmptyOperator'`.","category":"UserWarning","filename":"/opt/airflow/dags/6_conditional_dag.py","lineno":4,"logger":"py.warnings"}
{"timestamp":"2026-07-08T07:35:07.371489Z","level":"info","event":"Filling up the DagBag from /opt/airflow/dags/6_conditional_dag.py","logger":"airflow.dag_processing.dagbag.BundleDagBag","filename":"dagbag.py","lineno":469}
{"timestamp":"2026-07-08T07:35:07.415145Z","level":"warning","event":"The `airflow.decorators.task` attribute is deprecated. Please use `'airflow.sdk.task'`.","category":"UserWarning","filename":"/opt/airflow/dags/6_conditional_dag.py","lineno":2,"logger":"py.warnings"}
{"timestamp":"2026-07-08T07:35:07.415304Z","level":"warning","event":"The `airflow.operators.python.BranchPythonOperator` attribute is deprecated. Please use `'airflow.providers.standard.operators.python.BranchPythonOperator'`.","category":"UserWarning","filename":"/opt/airflow/dags/6_conditional_dag.py","lineno":3,"logger":"py.warnings"}
{"timestamp":"2026-07-08T07:35:07.415369Z","level":"warning","event":"The `airflow.operators.empty.EmptyOperator` attribute is deprecated. Please use `'airflow.providers.standard.operators.empty.EmptyOperator'`.","category":"UserWarning","filename":"/opt/airflow/dags/6_conditional_dag.py","lineno":4,"logger":"py.warnings"}
{"timestamp":"2026-07-08T07:35:37.562664Z","level":"info","event":"Filling up the DagBag from /opt/airflow/dags/6_conditional_dag.py","logger":"airflow.dag_processing.dagbag.BundleDagBag","filename":"dagbag.py","lineno":469}
{"timestamp":"2026-07-08T07:35:37.606941Z","level":"warning","event":"The `airflow.decorators.task` attribute is deprecated. Please use `'airflow.sdk.task'`.","category":"UserWarning","filename":"/opt/airflow/dags/6_conditional_dag.py","lineno":2,"logger":"py.warnings"}
{"timestamp":"2026-07-08T07:35:37.607108Z","level":"warning","event":"The `airflow.operators.python.BranchPythonOperator` attribute is deprecated. Please use `'airflow.providers.standard.operators.python.BranchPythonOperator'`.","category":"UserWarning","filename":"/opt/airflow/dags/6_conditional_dag.py","lineno":3,"logger":"py.warnings"}
{"timestamp":"2026-07-08T07:35:37.607174Z","level":"warning","event":"The `airflow.operators.empty.EmptyOperator` attribute is deprecated. Please use `'airflow.providers.standard.operators.empty.EmptyOperator'`.","category":"UserWarning","filename":"/opt/airflow/dags/6_conditional_dag.py","lineno":4,"logger":"py.warnings"}
{"timestamp":"2026-07-08T07:36:08.100220Z","level":"info","event":"Filling up the DagBag from /opt/airflow/dags/6_conditional_dag.py","logger":"airflow.dag_processing.dagbag.BundleDagBag","filename":"dagbag.py","lineno":469}
{"timestamp":"2026-07-08T07:36:08.145215Z","level":"warning","event":"The `airflow.decorators.task` attribute is deprecated. Please use `'airflow.sdk.task'`.","category":"UserWarning","filename":"/opt/airflow/dags/6_conditional_dag.py","lineno":2,"logger":"py.warnings"}
{"timestamp":"2026-07-08T07:36:08.145382Z","level":"warning","event":"The `airflow.operators.python.BranchPythonOperator` attribute is deprecated. Please use `'airflow.providers.standard.operators.python.BranchPythonOperator'`.","category":"UserWarning","filename":"/opt/airflow/dags/6_conditional_dag.py","lineno":3,"logger":"py.warnings"}
{"timestamp":"2026-07-08T07:36:08.145449Z","level":"warning","event":"The `airflow.operators.empty.EmptyOperator` attribute is deprecated. Please use `'airflow.providers.standard.operators.empty.EmptyOperator'`.","category":"UserWarning","filename":"/opt/airflow/dags/6_conditional_dag.py","lineno":4,"logger":"py.warnings"}
{"timestamp":"2026-07-08T07:36:39.016248Z","level":"info","event":"Filling up the DagBag from /opt/airflow/dags/6_conditional_dag.py","logger":"airflow.dag_processing.dagbag.BundleDagBag","filename":"dagbag.py","lineno":469}
{"timestamp":"2026-07-08T07:36:39.065150Z","level":"warning","event":"The `airflow.decorators.task` attribute is deprecated. Please use `'airflow.sdk.task'`.","category":"UserWarning","filename":"/opt/airflow/dags/6_conditional_dag.py","lineno":2,"logger":"py.warnings"}
{"timestamp":"2026-07-08T07:36:39.065316Z","level":"warning","event":"The `airflow.operators.python.BranchPythonOperator` attribute is deprecated. Please use `'airflow.providers.standard.operators.python.BranchPythonOperator'`.","category":"UserWarning","filename":"/opt/airflow/dags/6_conditional_dag.py","lineno":3,"logger":"py.warnings"}
{"timestamp":"2026-07-08T07:36:39.065383Z","level":"warning","event":"The `airflow.operators.empty.EmptyOperator` attribute is deprecated. Please use `'airflow.providers.standard.operators.empty.EmptyOperator'`.","category":"UserWarning","filename":"/opt/airflow/dags/6_conditional_dag.py","lineno":4,"logger":"py.warnings"}
{"timestamp":"2026-07-08T07:37:09.908649Z","level":"info","event":"Filling up the DagBag from /opt/airflow/dags/6_conditional_dag.py","logger":"airflow.dag_processing.dagbag.BundleDagBag","filename":"dagbag.py","lineno":469}
{"timestamp":"2026-07-08T07:37:09.959240Z","level":"warning","event":"The `airflow.decorators.task` attribute is deprecated. Please use `'airflow.sdk.task'`.","category":"UserWarning","filename":"/opt/airflow/dags/6_conditional_dag.py","lineno":2,"logger":"py.warnings"}
{"timestamp":"2026-07-08T07:37:09.959432Z","level":"warning","event":"The `airflow.operators.python.BranchPythonOperator` attribute is deprecated. Please use `'airflow.providers.standard.operators.python.BranchPythonOperator'`.","category":"UserWarning","filename":"/opt/airflow/dags/6_conditional_dag.py","lineno":3,"logger":"py.warnings"}
{"timestamp":"2026-07-08T07:37:09.959501Z","level":"warning","event":"The `airflow.operators.empty.EmptyOperator` attribute is deprecated. Please use `'airflow.providers.standard.operators.empty.EmptyOperator'`.","category":"UserWarning","filename":"/opt/airflow/dags/6_conditional_dag.py","lineno":4,"logger":"py.warnings"}
{"timestamp":"2026-07-08T07:37:40.915871Z","level":"info","event":"Filling up the DagBag from /opt/airflow/dags/6_conditional_dag.py","logger":"airflow.dag_processing.dagbag.BundleDagBag","filename":"dagbag.py","lineno":469}
{"timestamp":"2026-07-08T07:37:40.963141Z","level":"warning","event":"The `airflow.decorators.task` attribute is deprecated. Please use `'airflow.sdk.task'`.","category":"UserWarning","filename":"/opt/airflow/dags/6_conditional_dag.py","lineno":2,"logger":"py.warnings"}
{"timestamp":"2026-07-08T07:37:40.963323Z","level":"warning","event":"The `airflow.operators.python.BranchPythonOperator` attribute is deprecated. Please use `'airflow.providers.standard.operators.python.BranchPythonOperator'`.","category":"UserWarning","filename":"/opt/airflow/dags/6_conditional_dag.py","lineno":3,"logger":"py.warnings"}
{"timestamp":"2026-07-08T07:37:40.963405Z","level":"warning","event":"The `airflow.operators.empty.EmptyOperator` attribute is deprecated. Please use `'airflow.providers.standard.operators.empty.EmptyOperator'`.","category":"UserWarning","filename":"/opt/airflow/dags/6_conditional_dag.py","lineno":4,"logger":"py.warnings"}
{"timestamp":"2026-07-08T07:38:11.791636Z","level":"info","event":"Filling up the DagBag from /opt/airflow/dags/6_conditional_dag.py","logger":"airflow.dag_processing.dagbag.BundleDagBag","filename":"dagbag.py","lineno":469}
{"timestamp":"2026-07-08T07:38:11.840665Z","level":"warning","event":"The `airflow.decorators.task` attribute is deprecated. Please use `'airflow.sdk.task'`.","category":"UserWarning","filename":"/opt/airflow/dags/6_conditional_dag.py","lineno":2,"logger":"py.warnings"}
{"timestamp":"2026-07-08T07:38:11.840924Z","level":"warning","event":"The `airflow.operators.python.BranchPythonOperator` attribute is deprecated. Please use `'airflow.providers.standard.operators.python.BranchPythonOperator'`.","category":"UserWarning","filename":"/opt/airflow/dags/6_conditional_dag.py","lineno":3,"logger":"py.warnings"}
{"timestamp":"2026-07-08T07:38:11.841046Z","level":"warning","event":"The `airflow.operators.empty.EmptyOperator` attribute is deprecated. Please use `'airflow.providers.standard.operators.empty.EmptyOperator'`.","category":"UserWarning","filename":"/opt/airflow/dags/6_conditional_dag.py","lineno":4,"logger":"py.warnings"}
{"timestamp":"2026-07-08T07:38:42.608928Z","level":"info","event":"Filling up the DagBag from /opt/airflow/dags/6_conditional_dag.py","logger":"airflow.dag_processing.dagbag.BundleDagBag","filename":"dagbag.py","lineno":469}
{"timestamp":"2026-07-08T07:38:42.710496Z","level":"warning","event":"The `airflow.decorators.task` attribute is deprecated. Please use `'airflow.sdk.task'`.","category":"UserWarning","filename":"/opt/airflow/dags/6_conditional_dag.py","lineno":2,"logger":"py.warnings"}
{"timestamp":"2026-07-08T07:38:42.711177Z","level":"warning","event":"The `airflow.operators.python.BranchPythonOperator` attribute is deprecated. Please use `'airflow.providers.standard.operators.python.BranchPythonOperator'`.","category":"UserWarning","filename":"/opt/airflow/dags/6_conditional_dag.py","lineno":3,"logger":"py.warnings"}
{"timestamp":"2026-07-08T07:38:42.713311Z","level":"warning","event":"The `airflow.operators.empty.EmptyOperator` attribute is deprecated. Please use `'airflow.providers.standard.operators.empty.EmptyOperator'`.","category":"UserWarning","filename":"/opt/airflow/dags/6_conditional_dag.py","lineno":4,"logger":"py.warnings"}
{"timestamp":"2026-07-08T07:39:13.421574Z","level":"info","event":"Filling up the DagBag from /opt/airflow/dags/6_conditional_dag.py","logger":"airflow.dag_processing.dagbag.BundleDagBag","filename":"dagbag.py","lineno":469}
{"timestamp":"2026-07-08T07:39:13.497865Z","level":"warning","event":"The `airflow.decorators.task` attribute is deprecated. Please use `'airflow.sdk.task'`.","category":"UserWarning","filename":"/opt/airflow/dags/6_conditional_dag.py","lineno":2,"logger":"py.warnings"}
{"timestamp":"2026-07-08T07:39:13.498129Z","level":"warning","event":"The `airflow.operators.python.BranchPythonOperator` attribute is deprecated. Please use `'airflow.providers.standard.operators.python.BranchPythonOperator'`.","category":"UserWarning","filename":"/opt/airflow/dags/6_conditional_dag.py","lineno":3,"logger":"py.warnings"}
{"timestamp":"2026-07-08T07:39:13.498255Z","level":"warning","event":"The `airflow.operators.empty.EmptyOperator` attribute is deprecated. Please use `'airflow.providers.standard.operators.empty.EmptyOperator'`.","category":"UserWarning","filename":"/opt/airflow/dags/6_conditional_dag.py","lineno":4,"logger":"py.warnings"}
{"timestamp":"2026-07-08T07:39:43.728884Z","level":"info","event":"Filling up the DagBag from /opt/airflow/dags/6_conditional_dag.py","logger":"airflow.dag_processing.dagbag.BundleDagBag","filename":"dagbag.py","lineno":469}
{"timestamp":"2026-07-08T07:39:43.787542Z","level":"warning","event":"The `airflow.decorators.task` attribute is deprecated. Please use `'airflow.sdk.task'`.","category":"UserWarning","filename":"/opt/airflow/dags/6_conditional_dag.py","lineno":2,"logger":"py.warnings"}
{"timestamp":"2026-07-08T07:39:43.787852Z","level":"warning","event":"The `airflow.operators.python.BranchPythonOperator` attribute is deprecated. Please use `'airflow.providers.standard.operators.python.BranchPythonOperator'`.","category":"UserWarning","filename":"/opt/airflow/dags/6_conditional_dag.py","lineno":3,"logger":"py.warnings"}
{"timestamp":"2026-07-08T07:39:43.787996Z","level":"warning","event":"The `airflow.operators.empty.EmptyOperator` attribute is deprecated. Please use `'airflow.providers.standard.operators.empty.EmptyOperator'`.","category":"UserWarning","filename":"/opt/airflow/dags/6_conditional_dag.py","lineno":4,"logger":"py.warnings"}
{"timestamp":"2026-07-08T07:40:14.036148Z","level":"info","event":"Filling up the DagBag from /opt/airflow/dags/6_conditional_dag.py","logger":"airflow.dag_processing.dagbag.BundleDagBag","filename":"dagbag.py","lineno":469}
{"timestamp":"2026-07-08T07:40:14.085894Z","level":"warning","event":"The `airflow.decorators.task` attribute is deprecated. Please use `'airflow.sdk.task'`.","category":"UserWarning","filename":"/opt/airflow/dags/6_conditional_dag.py","lineno":2,"logger":"py.warnings"}
{"timestamp":"2026-07-08T07:40:14.086098Z","level":"warning","event":"The `airflow.operators.python.BranchPythonOperator` attribute is deprecated. Please use `'airflow.providers.standard.operators.python.BranchPythonOperator'`.","category":"UserWarning","filename":"/opt/airflow/dags/6_conditional_dag.py","lineno":3,"logger":"py.warnings"}
{"timestamp":"2026-07-08T07:40:14.086212Z","level":"warning","event":"The `airflow.operators.empty.EmptyOperator` attribute is deprecated. Please use `'airflow.providers.standard.operators.empty.EmptyOperator'`.","category":"UserWarning","filename":"/opt/airflow/dags/6_conditional_dag.py","lineno":4,"logger":"py.warnings"}
{"timestamp":"2026-07-08T07:40:44.272041Z","level":"info","event":"Filling up the DagBag from /opt/airflow/dags/6_conditional_dag.py","logger":"airflow.dag_processing.dagbag.BundleDagBag","filename":"dagbag.py","lineno":469}
{"timestamp":"2026-07-08T07:40:44.314933Z","level":"warning","event":"The `airflow.decorators.task` attribute is deprecated. Please use `'airflow.sdk.task'`.","category":"UserWarning","filename":"/opt/airflow/dags/6_conditional_dag.py","lineno":2,"logger":"py.warnings"}
{"timestamp":"2026-07-08T07:40:44.315125Z","level":"warning","event":"The `airflow.operators.python.BranchPythonOperator` attribute is deprecated. Please use `'airflow.providers.standard.operators.python.BranchPythonOperator'`.","category":"UserWarning","filename":"/opt/airflow/dags/6_conditional_dag.py","lineno":3,"logger":"py.warnings"}
{"timestamp":"2026-07-08T07:40:44.315215Z","level":"warning","event":"The `airflow.operators.empty.EmptyOperator` attribute is deprecated. Please use `'airflow.providers.standard.operators.empty.EmptyOperator'`.","category":"UserWarning","filename":"/opt/airflow/dags/6_conditional_dag.py","lineno":4,"logger":"py.warnings"}
{"timestamp":"2026-07-08T07:41:14.438250Z","level":"info","event":"Filling up the DagBag from /opt/airflow/dags/6_conditional_dag.py","logger":"airflow.dag_processing.dagbag.BundleDagBag","filename":"dagbag.py","lineno":469}
{"timestamp":"2026-07-08T07:41:14.481235Z","level":"warning","event":"The `airflow.decorators.task` attribute is deprecated. Please use `'airflow.sdk.task'`.","category":"UserWarning","filename":"/opt/airflow/dags/6_conditional_dag.py","lineno":2,"logger":"py.warnings"}
{"timestamp":"2026-07-08T07:41:14.481398Z","level":"warning","event":"The `airflow.operators.python.BranchPythonOperator` attribute is deprecated. Please use `'airflow.providers.standard.operators.python.BranchPythonOperator'`.","category":"UserWarning","filename":"/opt/airflow/dags/6_conditional_dag.py","lineno":3,"logger":"py.warnings"}
{"timestamp":"2026-07-08T07:41:14.481467Z","level":"warning","event":"The `airflow.operators.empty.EmptyOperator` attribute is deprecated. Please use `'airflow.providers.standard.operators.empty.EmptyOperator'`.","category":"UserWarning","filename":"/opt/airflow/dags/6_conditional_dag.py","lineno":4,"logger":"py.warnings"}
{"timestamp":"2026-07-08T07:41:45.268126Z","level":"info","event":"Filling up the DagBag from /opt/airflow/dags/6_conditional_dag.py","logger":"airflow.dag_processing.dagbag.BundleDagBag","filename":"dagbag.py","lineno":469}
{"timestamp":"2026-07-08T07:41:45.314259Z","level":"warning","event":"The `airflow.decorators.task` attribute is deprecated. Please use `'airflow.sdk.task'`.","category":"UserWarning","filename":"/opt/airflow/dags/6_conditional_dag.py","lineno":2,"logger":"py.warnings"}
{"timestamp":"2026-07-08T07:41:45.314473Z","level":"warning","event":"The `airflow.operators.python.BranchPythonOperator` attribute is deprecated. Please use `'airflow.providers.standard.operators.python.BranchPythonOperator'`.","category":"UserWarning","filename":"/opt/airflow/dags/6_conditional_dag.py","lineno":3,"logger":"py.warnings"}
{"timestamp":"2026-07-08T07:41:45.314551Z","level":"warning","event":"The `airflow.operators.empty.EmptyOperator` attribute is deprecated. Please use `'airflow.providers.standard.operators.empty.EmptyOperator'`.","category":"UserWarning","filename":"/opt/airflow/dags/6_conditional_dag.py","lineno":4,"logger":"py.warnings"}
{"timestamp":"2026-07-08T07:42:16.148096Z","level":"info","event":"Filling up the DagBag from /opt/airflow/dags/6_conditional_dag.py","logger":"airflow.dag_processing.dagbag.BundleDagBag","filename":"dagbag.py","lineno":469}
{"timestamp":"2026-07-08T07:42:16.191727Z","level":"warning","event":"The `airflow.decorators.task` attribute is deprecated. Please use `'airflow.sdk.task'`.","category":"UserWarning","filename":"/opt/airflow/dags/6_conditional_dag.py","lineno":2,"logger":"py.warnings"}
{"timestamp":"2026-07-08T07:42:16.191888Z","level":"warning","event":"The `airflow.operators.python.BranchPythonOperator` attribute is deprecated. Please use `'airflow.providers.standard.operators.python.BranchPythonOperator'`.","category":"UserWarning","filename":"/opt/airflow/dags/6_conditional_dag.py","lineno":3,"logger":"py.warnings"}
{"timestamp":"2026-07-08T07:42:16.191954Z","level":"warning","event":"The `airflow.operators.empty.EmptyOperator` attribute is deprecated. Please use `'airflow.providers.standard.operators.empty.EmptyOperator'`.","category":"UserWarning","filename":"/opt/airflow/dags/6_conditional_dag.py","lineno":4,"logger":"py.warnings"}
{"timestamp":"2026-07-08T07:42:46.987111Z","level":"info","event":"Filling up the DagBag from /opt/airflow/dags/6_conditional_dag.py","logger":"airflow.dag_processing.dagbag.BundleDagBag","filename":"dagbag.py","lineno":469}
{"timestamp":"2026-07-08T07:42:47.030616Z","level":"warning","event":"The `airflow.decorators.task` attribute is deprecated. Please use `'airflow.sdk.task'`.","category":"UserWarning","filename":"/opt/airflow/dags/6_conditional_dag.py","lineno":2,"logger":"py.warnings"}
{"timestamp":"2026-07-08T07:42:47.030776Z","level":"warning","event":"The `airflow.operators.python.BranchPythonOperator` attribute is deprecated. Please use `'airflow.providers.standard.operators.python.BranchPythonOperator'`.","category":"UserWarning","filename":"/opt/airflow/dags/6_conditional_dag.py","lineno":3,"logger":"py.warnings"}
{"timestamp":"2026-07-08T07:42:47.030845Z","level":"warning","event":"The `airflow.operators.empty.EmptyOperator` attribute is deprecated. Please use `'airflow.providers.standard.operators.empty.EmptyOperator'`.","category":"UserWarning","filename":"/opt/airflow/dags/6_conditional_dag.py","lineno":4,"logger":"py.warnings"}
{"timestamp":"2026-07-08T07:43:17.755971Z","level":"info","event":"Filling up the DagBag from /opt/airflow/dags/6_conditional_dag.py","logger":"airflow.dag_processing.dagbag.BundleDagBag","filename":"dagbag.py","lineno":469}
{"timestamp":"2026-07-08T07:43:17.798453Z","level":"warning","event":"The `airflow.decorators.task` attribute is deprecated. Please use `'airflow.sdk.task'`.","category":"UserWarning","filename":"/opt/airflow/dags/6_conditional_dag.py","lineno":2,"logger":"py.warnings"}
{"timestamp":"2026-07-08T07:43:17.798611Z","level":"warning","event":"The `airflow.operators.python.BranchPythonOperator` attribute is deprecated. Please use `'airflow.providers.standard.operators.python.BranchPythonOperator'`.","category":"UserWarning","filename":"/opt/airflow/dags/6_conditional_dag.py","lineno":3,"logger":"py.warnings"}
{"timestamp":"2026-07-08T07:43:17.798680Z","level":"warning","event":"The `airflow.operators.empty.EmptyOperator` attribute is deprecated. Please use `'airflow.providers.standard.operators.empty.EmptyOperator'`.","category":"UserWarning","filename":"/opt/airflow/dags/6_conditional_dag.py","lineno":4,"logger":"py.warnings"}
{"timestamp":"2026-07-08T07:43:48.606990Z","level":"info","event":"Filling up the DagBag from /opt/airflow/dags/6_conditional_dag.py","logger":"airflow.dag_processing.dagbag.BundleDagBag","filename":"dagbag.py","lineno":469}
{"timestamp":"2026-07-08T07:43:48.652225Z","level":"warning","event":"The `airflow.decorators.task` attribute is deprecated. Please use `'airflow.sdk.task'`.","category":"UserWarning","filename":"/opt/airflow/dags/6_conditional_dag.py","lineno":2,"logger":"py.warnings"}
{"timestamp":"2026-07-08T07:43:48.652388Z","level":"warning","event":"The `airflow.operators.python.BranchPythonOperator` attribute is deprecated. Please use `'airflow.providers.standard.operators.python.BranchPythonOperator'`.","category":"UserWarning","filename":"/opt/airflow/dags/6_conditional_dag.py","lineno":3,"logger":"py.warnings"}
{"timestamp":"2026-07-08T07:43:48.652454Z","level":"warning","event":"The `airflow.operators.empty.EmptyOperator` attribute is deprecated. Please use `'airflow.providers.standard.operators.empty.EmptyOperator'`.","category":"UserWarning","filename":"/opt/airflow/dags/6_conditional_dag.py","lineno":4,"logger":"py.warnings"}
{"timestamp":"2026-07-08T07:44:19.388146Z","level":"info","event":"Filling up the DagBag from /opt/airflow/dags/6_conditional_dag.py","logger":"airflow.dag_processing.dagbag.BundleDagBag","filename":"dagbag.py","lineno":469}
{"timestamp":"2026-07-08T07:44:19.442202Z","level":"warning","event":"The `airflow.decorators.task` attribute is deprecated. Please use `'airflow.sdk.task'`.","category":"UserWarning","filename":"/opt/airflow/dags/6_conditional_dag.py","lineno":2,"logger":"py.warnings"}
{"timestamp":"2026-07-08T07:44:19.442378Z","level":"warning","event":"The `airflow.operators.python.BranchPythonOperator` attribute is deprecated. Please use `'airflow.providers.standard.operators.python.BranchPythonOperator'`.","category":"UserWarning","filename":"/opt/airflow/dags/6_conditional_dag.py","lineno":3,"logger":"py.warnings"}
{"timestamp":"2026-07-08T07:44:19.442447Z","level":"warning","event":"The `airflow.operators.empty.EmptyOperator` attribute is deprecated. Please use `'airflow.providers.standard.operators.empty.EmptyOperator'`.","category":"UserWarning","filename":"/opt/airflow/dags/6_conditional_dag.py","lineno":4,"logger":"py.warnings"}
{"timestamp":"2026-07-08T07:44:50.310866Z","level":"info","event":"Filling up the DagBag from /opt/airflow/dags/6_conditional_dag.py","logger":"airflow.dag_processing.dagbag.BundleDagBag","filename":"dagbag.py","lineno":469}
{"timestamp":"2026-07-08T07:44:50.355550Z","level":"warning","event":"The `airflow.decorators.task` attribute is deprecated. Please use `'airflow.sdk.task'`.","category":"UserWarning","filename":"/opt/airflow/dags/6_conditional_dag.py","lineno":2,"logger":"py.warnings"}
{"timestamp":"2026-07-08T07:44:50.355736Z","level":"warning","event":"The `airflow.operators.python.BranchPythonOperator` attribute is deprecated. Please use `'airflow.providers.standard.operators.python.BranchPythonOperator'`.","category":"UserWarning","filename":"/opt/airflow/dags/6_conditional_dag.py","lineno":3,"logger":"py.warnings"}
{"timestamp":"2026-07-08T07:44:50.355814Z","level":"warning","event":"The `airflow.operators.empty.EmptyOperator` attribute is deprecated. Please use `'airflow.providers.standard.operators.empty.EmptyOperator'`.","category":"UserWarning","filename":"/opt/airflow/dags/6_conditional_dag.py","lineno":4,"logger":"py.warnings"}
{"timestamp":"2026-07-08T07:45:21.220988Z","level":"info","event":"Filling up the DagBag from /opt/airflow/dags/6_conditional_dag.py","logger":"airflow.dag_processing.dagbag.BundleDagBag","filename":"dagbag.py","lineno":469}
{"timestamp":"2026-07-08T07:45:21.269309Z","level":"warning","event":"The `airflow.decorators.task` attribute is deprecated. Please use `'airflow.sdk.task'`.","category":"UserWarning","filename":"/opt/airflow/dags/6_conditional_dag.py","lineno":2,"logger":"py.warnings"}
{"timestamp":"2026-07-08T07:45:21.269548Z","level":"warning","event":"The `airflow.operators.python.BranchPythonOperator` attribute is deprecated. Please use `'airflow.providers.standard.operators.python.BranchPythonOperator'`.","category":"UserWarning","filename":"/opt/airflow/dags/6_conditional_dag.py","lineno":3,"logger":"py.warnings"}
{"timestamp":"2026-07-08T07:45:21.269626Z","level":"warning","event":"The `airflow.operators.empty.EmptyOperator` attribute is deprecated. Please use `'airflow.providers.standard.operators.empty.EmptyOperator'`.","category":"UserWarning","filename":"/opt/airflow/dags/6_conditional_dag.py","lineno":4,"logger":"py.warnings"}
{"timestamp":"2026-07-08T07:45:51.701595Z","level":"info","event":"Filling up the DagBag from /opt/airflow/dags/6_conditional_dag.py","logger":"airflow.dag_processing.dagbag.BundleDagBag","filename":"dagbag.py","lineno":469}
{"timestamp":"2026-07-08T07:45:51.744748Z","level":"warning","event":"The `airflow.decorators.task` attribute is deprecated. Please use `'airflow.sdk.task'`.","category":"UserWarning","filename":"/opt/airflow/dags/6_conditional_dag.py","lineno":2,"logger":"py.warnings"}
{"timestamp":"2026-07-08T07:45:51.744922Z","level":"warning","event":"The `airflow.operators.python.BranchPythonOperator` attribute is deprecated. Please use `'airflow.providers.standard.operators.python.BranchPythonOperator'`.","category":"UserWarning","filename":"/opt/airflow/dags/6_conditional_dag.py","lineno":3,"logger":"py.warnings"}
{"timestamp":"2026-07-08T07:45:51.744996Z","level":"warning","event":"The `airflow.operators.empty.EmptyOperator` attribute is deprecated. Please use `'airflow.providers.standard.operators.empty.EmptyOperator'`.","category":"UserWarning","filename":"/opt/airflow/dags/6_conditional_dag.py","lineno":4,"logger":"py.warnings"}
{"timestamp":"2026-07-08T07:46:22.328709Z","level":"info","event":"Filling up the DagBag from /opt/airflow/dags/6_conditional_dag.py","logger":"airflow.dag_processing.dagbag.BundleDagBag","filename":"dagbag.py","lineno":469}
{"timestamp":"2026-07-08T07:46:22.378728Z","level":"warning","event":"The `airflow.decorators.task` attribute is deprecated. Please use `'airflow.sdk.task'`.","category":"UserWarning","filename":"/opt/airflow/dags/6_conditional_dag.py","lineno":2,"logger":"py.warnings"}
{"timestamp":"2026-07-08T07:46:22.378901Z","level":"warning","event":"The `airflow.operators.python.BranchPythonOperator` attribute is deprecated. Please use `'airflow.providers.standard.operators.python.BranchPythonOperator'`.","category":"UserWarning","filename":"/opt/airflow/dags/6_conditional_dag.py","lineno":3,"logger":"py.warnings"}
{"timestamp":"2026-07-08T07:46:22.378973Z","level":"warning","event":"The `airflow.operators.empty.EmptyOperator` attribute is deprecated. Please use `'airflow.providers.standard.operators.empty.EmptyOperator'`.","category":"UserWarning","filename":"/opt/airflow/dags/6_conditional_dag.py","lineno":4,"logger":"py.warnings"}
{"timestamp":"2026-07-08T07:46:53.205068Z","level":"info","event":"Filling up the DagBag from /opt/airflow/dags/6_conditional_dag.py","logger":"airflow.dag_processing.dagbag.BundleDagBag","filename":"dagbag.py","lineno":469}
{"timestamp":"2026-07-08T07:46:53.247546Z","level":"warning","event":"The `airflow.decorators.task` attribute is deprecated. Please use `'airflow.sdk.task'`.","category":"UserWarning","filename":"/opt/airflow/dags/6_conditional_dag.py","lineno":2,"logger":"py.warnings"}
{"timestamp":"2026-07-08T07:46:53.247720Z","level":"warning","event":"The `airflow.operators.python.BranchPythonOperator` attribute is deprecated. Please use `'airflow.providers.standard.operators.python.BranchPythonOperator'`.","category":"UserWarning","filename":"/opt/airflow/dags/6_conditional_dag.py","lineno":3,"logger":"py.warnings"}
{"timestamp":"2026-07-08T07:46:53.247794Z","level":"warning","event":"The `airflow.operators.empty.EmptyOperator` attribute is deprecated. Please use `'airflow.providers.standard.operators.empty.EmptyOperator'`.","category":"UserWarning","filename":"/opt/airflow/dags/6_conditional_dag.py","lineno":4,"logger":"py.warnings"}
{"timestamp":"2026-07-08T07:47:23.985886Z","level":"info","event":"Filling up the DagBag from /opt/airflow/dags/6_conditional_dag.py","logger":"airflow.dag_processing.dagbag.BundleDagBag","filename":"dagbag.py","lineno":469}
{"timestamp":"2026-07-08T07:47:24.031427Z","level":"warning","event":"The `airflow.decorators.task` attribute is deprecated. Please use `'airflow.sdk.task'`.","category":"UserWarning","filename":"/opt/airflow/dags/6_conditional_dag.py","lineno":2,"logger":"py.warnings"}
{"timestamp":"2026-07-08T07:47:24.031579Z","level":"warning","event":"The `airflow.operators.python.BranchPythonOperator` attribute is deprecated. Please use `'airflow.providers.standard.operators.python.BranchPythonOperator'`.","category":"UserWarning","filename":"/opt/airflow/dags/6_conditional_dag.py","lineno":3,"logger":"py.warnings"}
{"timestamp":"2026-07-08T07:47:24.031647Z","level":"warning","event":"The `airflow.operators.empty.EmptyOperator` attribute is deprecated. Please use `'airflow.providers.standard.operators.empty.EmptyOperator'`.","category":"UserWarning","filename":"/opt/airflow/dags/6_conditional_dag.py","lineno":4,"logger":"py.warnings"}
{"timestamp":"2026-07-08T07:47:54.847375Z","level":"info","event":"Filling up the DagBag from /opt/airflow/dags/6_conditional_dag.py","logger":"airflow.dag_processing.dagbag.BundleDagBag","filename":"dagbag.py","lineno":469}
{"timestamp":"2026-07-08T07:47:54.901242Z","level":"warning","event":"The `airflow.decorators.task` attribute is deprecated. Please use `'airflow.sdk.task'`.","category":"UserWarning","filename":"/opt/airflow/dags/6_conditional_dag.py","lineno":2,"logger":"py.warnings"}
{"timestamp":"2026-07-08T07:47:54.901447Z","level":"warning","event":"The `airflow.operators.python.BranchPythonOperator` attribute is deprecated. Please use `'airflow.providers.standard.operators.python.BranchPythonOperator'`.","category":"UserWarning","filename":"/opt/airflow/dags/6_conditional_dag.py","lineno":3,"logger":"py.warnings"}
{"timestamp":"2026-07-08T07:47:54.901539Z","level":"warning","event":"The `airflow.operators.empty.EmptyOperator` attribute is deprecated. Please use `'airflow.providers.standard.operators.empty.EmptyOperator'`.","category":"UserWarning","filename":"/opt/airflow/dags/6_conditional_dag.py","lineno":4,"logger":"py.warnings"}
{"timestamp":"2026-07-08T07:48:25.155119Z","level":"info","event":"Filling up the DagBag from /opt/airflow/dags/6_conditional_dag.py","logger":"airflow.dag_processing.dagbag.BundleDagBag","filename":"dagbag.py","lineno":469}
{"timestamp":"2026-07-08T07:48:25.210119Z","level":"warning","event":"The `airflow.decorators.task` attribute is deprecated. Please use `'airflow.sdk.task'`.","category":"UserWarning","filename":"/opt/airflow/dags/6_conditional_dag.py","lineno":2,"logger":"py.warnings"}
{"timestamp":"2026-07-08T07:48:25.210311Z","level":"warning","event":"The `airflow.operators.python.BranchPythonOperator` attribute is deprecated. Please use `'airflow.providers.standard.operators.python.BranchPythonOperator'`.","category":"UserWarning","filename":"/opt/airflow/dags/6_conditional_dag.py","lineno":3,"logger":"py.warnings"}
{"timestamp":"2026-07-08T07:48:25.210387Z","level":"warning","event":"The `airflow.operators.empty.EmptyOperator` attribute is deprecated. Please use `'airflow.providers.standard.operators.empty.EmptyOperator'`.","category":"UserWarning","filename":"/opt/airflow/dags/6_conditional_dag.py","lineno":4,"logger":"py.warnings"}
{"timestamp":"2026-07-08T07:48:55.912627Z","level":"info","event":"Filling up the DagBag from /opt/airflow/dags/6_conditional_dag.py","logger":"airflow.dag_processing.dagbag.BundleDagBag","filename":"dagbag.py","lineno":469}
{"timestamp":"2026-07-08T07:48:55.957554Z","level":"warning","event":"The `airflow.decorators.task` attribute is deprecated. Please use `'airflow.sdk.task'`.","category":"UserWarning","filename":"/opt/airflow/dags/6_conditional_dag.py","lineno":2,"logger":"py.warnings"}
{"timestamp":"2026-07-08T07:48:55.957720Z","level":"warning","event":"The `airflow.operators.python.BranchPythonOperator` attribute is deprecated. Please use `'airflow.providers.standard.operators.python.BranchPythonOperator'`.","category":"UserWarning","filename":"/opt/airflow/dags/6_conditional_dag.py","lineno":3,"logger":"py.warnings"}
{"timestamp":"2026-07-08T07:48:55.957835Z","level":"warning","event":"The `airflow.operators.empty.EmptyOperator` attribute is deprecated. Please use `'airflow.providers.standard.operators.empty.EmptyOperator'`.","category":"UserWarning","filename":"/opt/airflow/dags/6_conditional_dag.py","lineno":4,"logger":"py.warnings"}
{"timestamp":"2026-07-08T07:49:26.840428Z","level":"info","event":"Filling up the DagBag from /opt/airflow/dags/6_conditional_dag.py","logger":"airflow.dag_processing.dagbag.BundleDagBag","filename":"dagbag.py","lineno":469}
{"timestamp":"2026-07-08T07:49:26.884284Z","level":"warning","event":"The `airflow.decorators.task` attribute is deprecated. Please use `'airflow.sdk.task'`.","category":"UserWarning","filename":"/opt/airflow/dags/6_conditional_dag.py","lineno":2,"logger":"py.warnings"}
{"timestamp":"2026-07-08T07:49:26.884466Z","level":"warning","event":"The `airflow.operators.python.BranchPythonOperator` attribute is deprecated. Please use `'airflow.providers.standard.operators.python.BranchPythonOperator'`.","category":"UserWarning","filename":"/opt/airflow/dags/6_conditional_dag.py","lineno":3,"logger":"py.warnings"}
{"timestamp":"2026-07-08T07:49:26.884538Z","level":"warning","event":"The `airflow.operators.empty.EmptyOperator` attribute is deprecated. Please use `'airflow.providers.standard.operators.empty.EmptyOperator'`.","category":"UserWarning","filename":"/opt/airflow/dags/6_conditional_dag.py","lineno":4,"logger":"py.warnings"}
{"timestamp":"2026-07-08T07:49:57.474523Z","level":"info","event":"Filling up the DagBag from /opt/airflow/dags/6_conditional_dag.py","logger":"airflow.dag_processing.dagbag.BundleDagBag","filename":"dagbag.py","lineno":469}
{"timestamp":"2026-07-08T07:49:57.519064Z","level":"warning","event":"The `airflow.decorators.task` attribute is deprecated. Please use `'airflow.sdk.task'`.","category":"UserWarning","filename":"/opt/airflow/dags/6_conditional_dag.py","lineno":2,"logger":"py.warnings"}
{"timestamp":"2026-07-08T07:49:57.519224Z","level":"warning","event":"The `airflow.operators.python.BranchPythonOperator` attribute is deprecated. Please use `'airflow.providers.standard.operators.python.BranchPythonOperator'`.","category":"UserWarning","filename":"/opt/airflow/dags/6_conditional_dag.py","lineno":3,"logger":"py.warnings"}
{"timestamp":"2026-07-08T07:49:57.519291Z","level":"warning","event":"The `airflow.operators.empty.EmptyOperator` attribute is deprecated. Please use `'airflow.providers.standard.operators.empty.EmptyOperator'`.","category":"UserWarning","filename":"/opt/airflow/dags/6_conditional_dag.py","lineno":4,"logger":"py.warnings"}
{"timestamp":"2026-07-08T07:50:28.014225Z","level":"info","event":"Filling up the DagBag from /opt/airflow/dags/6_conditional_dag.py","logger":"airflow.dag_processing.dagbag.BundleDagBag","filename":"dagbag.py","lineno":469}
{"timestamp":"2026-07-08T07:50:28.054559Z","level":"warning","event":"The `airflow.decorators.task` attribute is deprecated. Please use `'airflow.sdk.task'`.","category":"UserWarning","filename":"/opt/airflow/dags/6_conditional_dag.py","lineno":2,"logger":"py.warnings"}
{"timestamp":"2026-07-08T07:50:28.054775Z","level":"warning","event":"The `airflow.operators.python.BranchPythonOperator` attribute is deprecated. Please use `'airflow.providers.standard.operators.python.BranchPythonOperator'`.","category":"UserWarning","filename":"/opt/airflow/dags/6_conditional_dag.py","lineno":3,"logger":"py.warnings"}
{"timestamp":"2026-07-08T07:50:28.054840Z","level":"warning","event":"The `airflow.operators.empty.EmptyOperator` attribute is deprecated. Please use `'airflow.providers.standard.operators.empty.EmptyOperator'`.","category":"UserWarning","filename":"/opt/airflow/dags/6_conditional_dag.py","lineno":4,"logger":"py.warnings"}
{"timestamp":"2026-07-08T07:50:58.729265Z","level":"info","event":"Filling up the DagBag from /opt/airflow/dags/6_conditional_dag.py","logger":"airflow.dag_processing.dagbag.BundleDagBag","filename":"dagbag.py","lineno":469}
{"timestamp":"2026-07-08T07:50:58.770372Z","level":"warning","event":"The `airflow.decorators.task` attribute is deprecated. Please use `'airflow.sdk.task'`.","category":"UserWarning","filename":"/opt/airflow/dags/6_conditional_dag.py","lineno":2,"logger":"py.warnings"}
{"timestamp":"2026-07-08T07:50:58.770537Z","level":"warning","event":"The `airflow.operators.python.BranchPythonOperator` attribute is deprecated. Please use `'airflow.providers.standard.operators.python.BranchPythonOperator'`.","category":"UserWarning","filename":"/opt/airflow/dags/6_conditional_dag.py","lineno":3,"logger":"py.warnings"}
{"timestamp":"2026-07-08T07:50:58.770608Z","level":"warning","event":"The `airflow.operators.empty.EmptyOperator` attribute is deprecated. Please use `'airflow.providers.standard.operators.empty.EmptyOperator'`.","category":"UserWarning","filename":"/opt/airflow/dags/6_conditional_dag.py","lineno":4,"logger":"py.warnings"}
{"timestamp":"2026-07-08T07:51:29.493149Z","level":"info","event":"Filling up the DagBag from /opt/airflow/dags/6_conditional_dag.py","logger":"airflow.dag_processing.dagbag.BundleDagBag","filename":"dagbag.py","lineno":469}
{"timestamp":"2026-07-08T07:51:29.538018Z","level":"warning","event":"The `airflow.decorators.task` attribute is deprecated. Please use `'airflow.sdk.task'`.","category":"UserWarning","filename":"/opt/airflow/dags/6_conditional_dag.py","lineno":2,"logger":"py.warnings"}
{"timestamp":"2026-07-08T07:51:29.538206Z","level":"warning","event":"The `airflow.operators.python.BranchPythonOperator` attribute is deprecated. Please use `'airflow.providers.standard.operators.python.BranchPythonOperator'`.","category":"UserWarning","filename":"/opt/airflow/dags/6_conditional_dag.py","lineno":3,"logger":"py.warnings"}
{"timestamp":"2026-07-08T07:51:29.538284Z","level":"warning","event":"The `airflow.operators.empty.EmptyOperator` attribute is deprecated. Please use `'airflow.providers.standard.operators.empty.EmptyOperator'`.","category":"UserWarning","filename":"/opt/airflow/dags/6_conditional_dag.py","lineno":4,"logger":"py.warnings"}
{"timestamp":"2026-07-08T07:52:00.153771Z","level":"info","event":"Filling up the DagBag from /opt/airflow/dags/6_conditional_dag.py","logger":"airflow.dag_processing.dagbag.BundleDagBag","filename":"dagbag.py","lineno":469}
{"timestamp":"2026-07-08T07:52:00.196107Z","level":"warning","event":"The `airflow.decorators.task` attribute is deprecated. Please use `'airflow.sdk.task'`.","category":"UserWarning","filename":"/opt/airflow/dags/6_conditional_dag.py","lineno":2,"logger":"py.warnings"}
{"timestamp":"2026-07-08T07:52:00.196294Z","level":"warning","event":"The `airflow.operators.python.BranchPythonOperator` attribute is deprecated. Please use `'airflow.providers.standard.operators.python.BranchPythonOperator'`.","category":"UserWarning","filename":"/opt/airflow/dags/6_conditional_dag.py","lineno":3,"logger":"py.warnings"}
{"timestamp":"2026-07-08T07:52:00.196370Z","level":"warning","event":"The `airflow.operators.empty.EmptyOperator` attribute is deprecated. Please use `'airflow.providers.standard.operators.empty.EmptyOperator'`.","category":"UserWarning","filename":"/opt/airflow/dags/6_conditional_dag.py","lineno":4,"logger":"py.warnings"}
{"timestamp":"2026-07-08T07:52:30.814602Z","level":"info","event":"Filling up the DagBag from /opt/airflow/dags/6_conditional_dag.py","logger":"airflow.dag_processing.dagbag.BundleDagBag","filename":"dagbag.py","lineno":469}
{"timestamp":"2026-07-08T07:52:30.862903Z","level":"warning","event":"The `airflow.decorators.task` attribute is deprecated. Please use `'airflow.sdk.task'`.","category":"UserWarning","filename":"/opt/airflow/dags/6_conditional_dag.py","lineno":2,"logger":"py.warnings"}
{"timestamp":"2026-07-08T07:52:30.863099Z","level":"warning","event":"The `airflow.operators.python.BranchPythonOperator` attribute is deprecated. Please use `'airflow.providers.standard.operators.python.BranchPythonOperator'`.","category":"UserWarning","filename":"/opt/airflow/dags/6_conditional_dag.py","lineno":3,"logger":"py.warnings"}
{"timestamp":"2026-07-08T07:52:30.863175Z","level":"warning","event":"The `airflow.operators.empty.EmptyOperator` attribute is deprecated. Please use `'airflow.providers.standard.operators.empty.EmptyOperator'`.","category":"UserWarning","filename":"/opt/airflow/dags/6_conditional_dag.py","lineno":4,"logger":"py.warnings"}
{"timestamp":"2026-07-08T07:53:01.703255Z","level":"info","event":"Filling up the DagBag from /opt/airflow/dags/6_conditional_dag.py","logger":"airflow.dag_processing.dagbag.BundleDagBag","filename":"dagbag.py","lineno":469}
{"timestamp":"2026-07-08T07:53:01.786079Z","level":"warning","event":"The `airflow.decorators.task` attribute is deprecated. Please use `'airflow.sdk.task'`.","category":"UserWarning","filename":"/opt/airflow/dags/6_conditional_dag.py","lineno":2,"logger":"py.warnings"}
{"timestamp":"2026-07-08T07:53:01.786473Z","level":"warning","event":"The `airflow.operators.python.BranchPythonOperator` attribute is deprecated. Please use `'airflow.providers.standard.operators.python.BranchPythonOperator'`.","category":"UserWarning","filename":"/opt/airflow/dags/6_conditional_dag.py","lineno":3,"logger":"py.warnings"}
{"timestamp":"2026-07-08T07:53:01.786651Z","level":"warning","event":"The `airflow.operators.empty.EmptyOperator` attribute is deprecated. Please use `'airflow.providers.standard.operators.empty.EmptyOperator'`.","category":"UserWarning","filename":"/opt/airflow/dags/6_conditional_dag.py","lineno":4,"logger":"py.warnings"}
{"timestamp":"2026-07-08T07:53:32.143423Z","level":"info","event":"Filling up the DagBag from /opt/airflow/dags/6_conditional_dag.py","logger":"airflow.dag_processing.dagbag.BundleDagBag","filename":"dagbag.py","lineno":469}
{"timestamp":"2026-07-08T07:53:32.189963Z","level":"warning","event":"The `airflow.decorators.task` attribute is deprecated. Please use `'airflow.sdk.task'`.","category":"UserWarning","filename":"/opt/airflow/dags/6_conditional_dag.py","lineno":2,"logger":"py.warnings"}
{"timestamp":"2026-07-08T07:53:32.190184Z","level":"warning","event":"The `airflow.operators.python.BranchPythonOperator` attribute is deprecated. Please use `'airflow.providers.standard.operators.python.BranchPythonOperator'`.","category":"UserWarning","filename":"/opt/airflow/dags/6_conditional_dag.py","lineno":3,"logger":"py.warnings"}
{"timestamp":"2026-07-08T07:53:32.190259Z","level":"warning","event":"The `airflow.operators.empty.EmptyOperator` attribute is deprecated. Please use `'airflow.providers.standard.operators.empty.EmptyOperator'`.","category":"UserWarning","filename":"/opt/airflow/dags/6_conditional_dag.py","lineno":4,"logger":"py.warnings"}
{"timestamp":"2026-07-08T07:54:03.069455Z","level":"info","event":"Filling up the DagBag from /opt/airflow/dags/6_conditional_dag.py","logger":"airflow.dag_processing.dagbag.BundleDagBag","filename":"dagbag.py","lineno":469}
{"timestamp":"2026-07-08T07:54:03.116303Z","level":"warning","event":"The `airflow.decorators.task` attribute is deprecated. Please use `'airflow.sdk.task'`.","category":"UserWarning","filename":"/opt/airflow/dags/6_conditional_dag.py","lineno":2,"logger":"py.warnings"}
{"timestamp":"2026-07-08T07:54:03.116462Z","level":"warning","event":"The `airflow.operators.python.BranchPythonOperator` attribute is deprecated. Please use `'airflow.providers.standard.operators.python.BranchPythonOperator'`.","category":"UserWarning","filename":"/opt/airflow/dags/6_conditional_dag.py","lineno":3,"logger":"py.warnings"}
{"timestamp":"2026-07-08T07:54:03.116536Z","level":"warning","event":"The `airflow.operators.empty.EmptyOperator` attribute is deprecated. Please use `'airflow.providers.standard.operators.empty.EmptyOperator'`.","category":"UserWarning","filename":"/opt/airflow/dags/6_conditional_dag.py","lineno":4,"logger":"py.warnings"}
{"timestamp":"2026-07-08T07:54:33.852072Z","level":"info","event":"Filling up the DagBag from /opt/airflow/dags/6_conditional_dag.py","logger":"airflow.dag_processing.dagbag.BundleDagBag","filename":"dagbag.py","lineno":469}
{"timestamp":"2026-07-08T07:54:33.897128Z","level":"warning","event":"The `airflow.decorators.task` attribute is deprecated. Please use `'airflow.sdk.task'`.","category":"UserWarning","filename":"/opt/airflow/dags/6_conditional_dag.py","lineno":2,"logger":"py.warnings"}
{"timestamp":"2026-07-08T07:54:33.897292Z","level":"warning","event":"The `airflow.operators.python.BranchPythonOperator` attribute is deprecated. Please use `'airflow.providers.standard.operators.python.BranchPythonOperator'`.","category":"UserWarning","filename":"/opt/airflow/dags/6_conditional_dag.py","lineno":3,"logger":"py.warnings"}
{"timestamp":"2026-07-08T07:54:33.897363Z","level":"warning","event":"The `airflow.operators.empty.EmptyOperator` attribute is deprecated. Please use `'airflow.providers.standard.operators.empty.EmptyOperator'`.","category":"UserWarning","filename":"/opt/airflow/dags/6_conditional_dag.py","lineno":4,"logger":"py.warnings"}
{"timestamp":"2026-07-08T07:55:04.578449Z","level":"info","event":"Filling up the DagBag from /opt/airflow/dags/6_conditional_dag.py","logger":"airflow.dag_processing.dagbag.BundleDagBag","filename":"dagbag.py","lineno":469}
{"timestamp":"2026-07-08T07:55:04.635774Z","level":"warning","event":"The `airflow.decorators.task` attribute is deprecated. Please use `'airflow.sdk.task'`.","category":"UserWarning","filename":"/opt/airflow/dags/6_conditional_dag.py","lineno":2,"logger":"py.warnings"}
{"timestamp":"2026-07-08T07:55:04.635963Z","level":"warning","event":"The `airflow.operators.python.BranchPythonOperator` attribute is deprecated. Please use `'airflow.providers.standard.operators.python.BranchPythonOperator'`.","category":"UserWarning","filename":"/opt/airflow/dags/6_conditional_dag.py","lineno":3,"logger":"py.warnings"}
{"timestamp":"2026-07-08T07:55:04.636038Z","level":"warning","event":"The `airflow.operators.empty.EmptyOperator` attribute is deprecated. Please use `'airflow.providers.standard.operators.empty.EmptyOperator'`.","category":"UserWarning","filename":"/opt/airflow/dags/6_conditional_dag.py","lineno":4,"logger":"py.warnings"}
{"timestamp":"2026-07-08T07:55:35.065328Z","level":"info","event":"Filling up the DagBag from /opt/airflow/dags/6_conditional_dag.py","logger":"airflow.dag_processing.dagbag.BundleDagBag","filename":"dagbag.py","lineno":469}
{"timestamp":"2026-07-08T07:55:35.112515Z","level":"warning","event":"The `airflow.decorators.task` attribute is deprecated. Please use `'airflow.sdk.task'`.","category":"UserWarning","filename":"/opt/airflow/dags/6_conditional_dag.py","lineno":2,"logger":"py.warnings"}
{"timestamp":"2026-07-08T07:55:35.112701Z","level":"warning","event":"The `airflow.operators.python.BranchPythonOperator` attribute is deprecated. Please use `'airflow.providers.standard.operators.python.BranchPythonOperator'`.","category":"UserWarning","filename":"/opt/airflow/dags/6_conditional_dag.py","lineno":3,"logger":"py.warnings"}
{"timestamp":"2026-07-08T07:55:35.112778Z","level":"warning","event":"The `airflow.operators.empty.EmptyOperator` attribute is deprecated. Please use `'airflow.providers.standard.operators.empty.EmptyOperator'`.","category":"UserWarning","filename":"/opt/airflow/dags/6_conditional_dag.py","lineno":4,"logger":"py.warnings"}
{"timestamp":"2026-07-08T07:56:05.255610Z","level":"info","event":"Filling up the DagBag from /opt/airflow/dags/6_conditional_dag.py","logger":"airflow.dag_processing.dagbag.BundleDagBag","filename":"dagbag.py","lineno":469}
{"timestamp":"2026-07-08T07:56:05.306659Z","level":"warning","event":"The `airflow.decorators.task` attribute is deprecated. Please use `'airflow.sdk.task'`.","category":"UserWarning","filename":"/opt/airflow/dags/6_conditional_dag.py","lineno":2,"logger":"py.warnings"}
{"timestamp":"2026-07-08T07:56:05.306843Z","level":"warning","event":"The `airflow.operators.python.BranchPythonOperator` attribute is deprecated. Please use `'airflow.providers.standard.operators.python.BranchPythonOperator'`.","category":"UserWarning","filename":"/opt/airflow/dags/6_conditional_dag.py","lineno":3,"logger":"py.warnings"}
{"timestamp":"2026-07-08T07:56:05.306918Z","level":"warning","event":"The `airflow.operators.empty.EmptyOperator` attribute is deprecated. Please use `'airflow.providers.standard.operators.empty.EmptyOperator'`.","category":"UserWarning","filename":"/opt/airflow/dags/6_conditional_dag.py","lineno":4,"logger":"py.warnings"}
{"timestamp":"2026-07-08T07:56:36.072091Z","level":"info","event":"Filling up the DagBag from /opt/airflow/dags/6_conditional_dag.py","logger":"airflow.dag_processing.dagbag.BundleDagBag","filename":"dagbag.py","lineno":469}
{"timestamp":"2026-07-08T07:56:36.121337Z","level":"warning","event":"The `airflow.decorators.task` attribute is deprecated. Please use `'airflow.sdk.task'`.","category":"UserWarning","filename":"/opt/airflow/dags/6_conditional_dag.py","lineno":2,"logger":"py.warnings"}
{"timestamp":"2026-07-08T07:56:36.121522Z","level":"warning","event":"The `airflow.operators.python.BranchPythonOperator` attribute is deprecated. Please use `'airflow.providers.standard.operators.python.BranchPythonOperator'`.","category":"UserWarning","filename":"/opt/airflow/dags/6_conditional_dag.py","lineno":3,"logger":"py.warnings"}
{"timestamp":"2026-07-08T07:56:36.121601Z","level":"warning","event":"The `airflow.operators.empty.EmptyOperator` attribute is deprecated. Please use `'airflow.providers.standard.operators.empty.EmptyOperator'`.","category":"UserWarning","filename":"/opt/airflow/dags/6_conditional_dag.py","lineno":4,"logger":"py.warnings"}
